
娴嬭瘯 1: 寮€濮嬫帓搴忓悗绔嬪嵆閿佷綇鏁扮粍澶у皬鍜岀敓鎴愭柊鏁扮粍
  鉁?isSorting 鍙樹负 true
  鉁?鏁扮粍澶у皬婊戝潡琚攣浣?  鉁?鐢熸垚鏂版暟缁勮閿佷綇

娴嬭瘯 2: 鎺掑簭涓偣鍗曟 鈫?鏆傚仠骞惰繘鍏ュ崟姝ユā寮?  鉁?鍗曟鎸夐挳杩斿洖 enter-step-mode
  鉁?isStepMode 鍙樹负 true
  鉁?isPaused 鍙樹负 true锛堝凡鏆傚仠锛?  鉁?鏆傚仠鏈熼棿涓嶆帹杩?(1鈫?)

娴嬭瘯 3: 鍗曟妯″紡涓偣"涓嬩竴姝? 鈫?鎺ㄨ繘涓€甯у悗鑷姩鏆傚仠
  鉁?鍗曟鎺ㄨ繘鎭板ソ 1 甯?(1鈫?)
  鉁?涔嬪悗缁х画鏆傚仠 (2鈫?)

娴嬭瘯 4: 鍗曟妯″紡涓偣"寮€濮? 鈫?閫€鍑哄崟姝ュ苟鎭㈠鑷姩鎾斁
  鉁?isStepMode 鍙樹负 false
  鉁?isPaused 鍙樹负 false锛堟仮澶嶈繍琛岋級
  鉁?鎭㈠鍚庢寔缁帹杩?(1鈫?)

娴嬭瘯 5: 閲嶇疆娓呯┖鍗曟妯″紡/鏆傚仠/閿?  鉁?杩斿洖 reset
  鉁?isSorting=false
  鉁?isStepMode=false
  鉁?isPaused=false
  鉁?stepRequested=false
  鉁?鏁扮粍澶у皬瑙ｉ攣
  鉁?鐢熸垚鏂版暟缁勮В閿?
娴嬭瘯 6: 杩炵画澶氭"涓嬩竴姝?锛屾瘡姝ユ伆濂?+1 甯?  鉁?5 娆℃帹杩涘叡 5 甯?(棰勬湡 4~6)

娴嬭瘯 7: 鎺掑簭鑷劧瀹屾垚鍚庤嚜鍔ㄨВ閿佹帶浠?  鉁?鎺掑簭瀹屾垚
  鉁?isSorting=false
  鉁?鏁扮粍澶у皬瑙ｉ攣
  鉁?鐢熸垚鏂版暟缁勮В閿?
========== 鎬荤粨 ==========
閫氳繃: 20, 澶辫触: 4
